{"code_climate": {"code_climate_maintainability_url": "https://api.codeclimate.com/v1/badges/25fb7c6119e188dbd12c/maintainability\\n   :target: https://codeclimate.com/github/LucaCappelletti94/dictances/maintainability\\n   :alt: Maintainability\\n", "code_climate_coverage_url": "https://api.codeclimate.com/v1/badges/25fb7c6119e188dbd12c/test_coverage\\n   :target: https://codeclimate.com/github/LucaCappelletti94/dictances/test_coverage\\n   :alt: Test Coverage\\n"}, "codacy": {"codacy": "image:: https://api.codacy.com/project/badge/Grade/b78d67845fe24f81919d95686ffb5bf8\n    :target: https://www.codacy.com/manual/LucaCappelletti94/keras_validation_sets?utm_source=github.com&amp;utm_medium=referral&amp;utm_content=LucaCappelletti94/keras_validation_sets&amp;utm_campaign=Badge_Grade"}}